{
  "version": "1.5.0",
  "plugins_used": [
    {
      "name": "ArtifactoryDetector"
    },
    {
      "name": "AWSKeyDetector"
    },
    {
      "name": "AzureStorageKeyDetector"
    },
    {
      "name": "Base64HighEntropyString",
      "limit": 4.5
    },
    {
      "name": "BasicAuthDetector"
    },
    {
      "name": "CloudantDetector"
    },
    {
      "name": "DiscordBotTokenDetector"
    },
    {
      "name": "GitHubTokenDetector"
    },
    {
      "name": "GitLabTokenDetector"
    },
    {
      "name": "HexHighEntropyString",
      "limit": 3.0
    },
    {
      "name": "IbmCloudIamDetector"
    },
    {
      "name": "IbmCosHmacDetector"
    },
    {
      "name": "IPPublicDetector"
    },
    {
      "name": "JwtTokenDetector"
    },
    {
      "name": "KeywordDetector",
      "keyword_exclude": ""
    },
    {
      "name": "MailchimpDetector"
    },
    {
      "name": "NpmDetector"
    },
    {
      "name": "OpenAIDetector"
    },
    {
      "name": "PrivateKeyDetector"
    },
    {
      "name": "PypiTokenDetector"
    },
    {
      "name": "SendGridDetector"
    },
    {
      "name": "SlackDetector"
    },
    {
      "name": "SoftlayerDetector"
    },
    {
      "name": "SquareOAuthDetector"
    },
    {
      "name": "StripeDetector"
    },
    {
      "name": "TelegramBotTokenDetector"
    },
    {
      "name": "TwilioKeyDetector"
    }
  ],
  "filters_used": [
    {
      "path": "detect_secrets.filters.allowlist.is_line_allowlisted"
    },
    {
      "path": "detect_secrets.filters.common.is_baseline_file",
      "filename": ".secrets.baseline"
    },
    {
      "path": "detect_secrets.filters.common.is_ignored_due_to_verification_policies",
      "min_level": 2
    },
    {
      "path": "detect_secrets.filters.heuristic.is_indirect_reference"
    },
    {
      "path": "detect_secrets.filters.heuristic.is_likely_id_string"
    },
    {
      "path": "detect_secrets.filters.heuristic.is_lock_file"
    },
    {
      "path": "detect_secrets.filters.heuristic.is_not_alphanumeric_string"
    },
    {
      "path": "detect_secrets.filters.heuristic.is_potential_uuid"
    },
    {
      "path": "detect_secrets.filters.heuristic.is_prefixed_with_dollar_sign"
    },
    {
      "path": "detect_secrets.filters.heuristic.is_sequential_string"
    },
    {
      "path": "detect_secrets.filters.heuristic.is_swagger_file"
    },
    {
      "path": "detect_secrets.filters.heuristic.is_templated_secret"
    },
    {
      "path": "detect_secrets.filters.regex.should_exclude_file",
      "pattern": [
        "^(data_v2/|outputs/|\\.venv.|.\\.lock$|package-lock\\.json$|knowledge_base/.*\\.(pdf|PDF|docx|DOCX|pptx|xlsx|zip|gz|tar|7z)$)"
      ]
    }
  ],
  "results": {
    ".clinerules/06-secrets-env.md": [
      {
        "type": "Secret Keyword",
        "filename": ".clinerules/06-secrets-env.md",
        "hashed_secret": "ec3810e10fb78db55ce38b9c18d1c3eb1db739e0",
        "is_verified": false,
        "line_number": 20,
        "is_secret": true
      }
    ],
    ".env": [
      {
        "type": "Base64 High Entropy String",
        "filename": ".env",
        "hashed_secret": "5a93fbb869adf84dbba07f61aa7aeed7813d22b2",
        "is_verified": false,
        "line_number": 55,
        "is_secret": true
      },
      {
        "type": "Secret Keyword",
        "filename": ".env",
        "hashed_secret": "5a93fbb869adf84dbba07f61aa7aeed7813d22b2",
        "is_verified": false,
        "line_number": 55,
        "is_secret": true
      }
    ],
    ".env.example": [
      {
        "type": "Secret Keyword",
        "filename": ".env.example",
        "hashed_secret": "7d268ec0fc8a845ff8e1b1af5317ee5dc164808b",
        "is_verified": false,
        "line_number": 12,
        "is_secret": true
      }
    ],
    ".ide/.obsidian/workspace.json": [
      {
        "type": "Hex High Entropy String",
        "filename": ".ide/.obsidian/workspace.json",
        "hashed_secret": "ec32bf6e5495db5ef2c43f1288bf996e0fd4ded6",
        "is_verified": false,
        "line_number": 3,
        "is_secret": true
      },
      {
        "type": "Hex High Entropy String",
        "filename": ".ide/.obsidian/workspace.json",
        "hashed_secret": "421b456cd2e8efd9159e4d78c8e90bff4cd44cd9",
        "is_verified": false,
        "line_number": 7,
        "is_secret": true
      },
      {
        "type": "Hex High Entropy String",
        "filename": ".ide/.obsidian/workspace.json",
        "hashed_secret": "54453f3b77ffcc3817d357a41ad61faa2180da7d",
        "is_verified": false,
        "line_number": 11,
        "is_secret": true
      },
      {
        "type": "Hex High Entropy String",
        "filename": ".ide/.obsidian/workspace.json",
        "hashed_secret": "dd07fd72efde32779d5b641066b5c9189c312a01",
        "is_verified": false,
        "line_number": 30,
        "is_secret": true
      },
      {
        "type": "Hex High Entropy String",
        "filename": ".ide/.obsidian/workspace.json",
        "hashed_secret": "469cc11f69dc8d8c82e4bb881a8b0e254ebe0086",
        "is_verified": false,
        "line_number": 34,
        "is_secret": true
      },
      {
        "type": "Hex High Entropy String",
        "filename": ".ide/.obsidian/workspace.json",
        "hashed_secret": "b3ac5105fb58e7e12406bbf86183fc2778060b06",
        "is_verified": false,
        "line_number": 38,
        "is_secret": true
      },
      {
        "type": "Hex High Entropy String",
        "filename": ".ide/.obsidian/workspace.json",
        "hashed_secret": "2e1a7c392bfba9ff0415eff081370c938675b247",
        "is_verified": false,
        "line_number": 51,
        "is_secret": true
      },
      {
        "type": "Hex High Entropy String",
        "filename": ".ide/.obsidian/workspace.json",
        "hashed_secret": "472167808af7ddf011e2cde5538f2ecc27c38491",
        "is_verified": false,
        "line_number": 84,
        "is_secret": true
      },
      {
        "type": "Hex High Entropy String",
        "filename": ".ide/.obsidian/workspace.json",
        "hashed_secret": "ec747869103ad6adcde4a8e8b3eec18c963e5a70",
        "is_verified": false,
        "line_number": 88,
        "is_secret": true
      },
      {
        "type": "Hex High Entropy String",
        "filename": ".ide/.obsidian/workspace.json",
        "hashed_secret": "b15aa09a538c5b588fe040673b1581f6a3b71d8d",
        "is_verified": false,
        "line_number": 111,
        "is_secret": true
      },
      {
        "type": "Hex High Entropy String",
        "filename": ".ide/.obsidian/workspace.json",
        "hashed_secret": "be8896cea591db89d57e30402b6743d132bd4a3d",
        "is_verified": false,
        "line_number": 125,
        "is_secret": true
      },
      {
        "type": "Hex High Entropy String",
        "filename": ".ide/.obsidian/workspace.json",
        "hashed_secret": "23a69d6e33f9c93ea42a8e9bb809aa83bdf3803e",
        "is_verified": false,
        "line_number": 140,
        "is_secret": true
      }
    ],
    ".ide/rules/06-secrets-env.md": [
      {
        "type": "Secret Keyword",
        "filename": ".ide/rules/06-secrets-env.md",
        "hashed_secret": "ec3810e10fb78db55ce38b9c18d1c3eb1db739e0",
        "is_verified": false,
        "line_number": 17
      }
    ],
    ".mypy_cache/3.12/__future__.meta.json": [
      {
        "type": "Hex High Entropy String",
        "filename": ".mypy_cache/3.12/__future__.meta.json",
        "hashed_secret": "3f5570d2f82225a6e63fbae6dc8ec41961b9da7e",
        "is_verified": false,
        "line_number": 1
      },
      {
        "type": "Hex High Entropy String",
        "filename": ".mypy_cache/3.12/__future__.meta.json",
        "hashed_secret": "c016a8b3a385ebaf3248d018bef97de4d7581e9d",
        "is_verified": false,
        "line_number": 1
      }
    ],
    ".mypy_cache/3.12/_ast.meta.json": [
      {
        "type": "Hex High Entropy String",
        "filename": ".mypy_cache/3.12/_ast.meta.json",
        "hashed_secret": "91f5d53f33320b230a3f41594f97d38fab390d37",
        "is_verified": false,
        "line_number": 1
      },
      {
        "type": "Hex High Entropy String",
        "filename": ".mypy_cache/3.12/_ast.meta.json",
        "hashed_secret": "e14b0dc1834723bc92974fd9f39c6cde388edc96",
        "is_verified": false,
        "line_number": 1
      }
    ],
    ".mypy_cache/3.12/_codecs.meta.json": [
      {
        "type": "Hex High Entropy String",
        "filename": ".mypy_cache/3.12/_codecs.meta.json",
        "hashed_secret": "08e495826f28368568d879620d726b75a8b1667c",
        "is_verified": false,
        "line_number": 1
      },
      {
        "type": "Hex High Entropy String",
        "filename": ".mypy_cache/3.12/_codecs.meta.json",
        "hashed_secret": "36d3436f385b4d78554864333548025498eb5566",
        "is_verified": false,
        "line_number": 1
      }
    ],
    ".mypy_cache/3.12/_collections_abc.meta.json": [
      {
        "type": "Hex High Entropy String",
        "filename": ".mypy_cache/3.12/_collections_abc.meta.json",
        "hashed_secret": "897e713b1cac8af2e486fa78594442704f230ba9",
        "is_verified": false,
        "line_number": 1
      },
      {
        "type": "Hex High Entropy String",
        "filename": ".mypy_cache/3.12/_collections_abc.meta.json",
        "hashed_secret": "9aa0ad63b632f393776e124b479853b485364b4e",
        "is_verified": false,
        "line_number": 1
      }
    ],
    ".mypy_cache/3.12/_typeshed/__init__.meta.json": [
      {
        "type": "Hex High Entropy String",
        "filename": ".mypy_cache/3.12/_typeshed/__init__.meta.json",
        "hashed_secret": "2a1585db128ebdc88bcb1c0804e3360ac7b19125",
        "is_verified": false,
        "line_number": 1
      },
      {
        "type": "Hex High Entropy String",
        "filename": ".mypy_cache/3.12/_typeshed/__init__.meta.json",
        "hashed_secret": "65131b4a6253c71e8bfc8018aa0dd42d9aa6c940",
        "is_verified": false,
        "line_number": 1
      }
    ],
    ".mypy_cache/3.12/abc.meta.json": [
      {
        "type": "Hex High Entropy String",
        "filename": ".mypy_cache/3.12/abc.meta.json",
        "hashed_secret": "57f4622f53ce2cfdf8081ab71befcda46424d875",
        "is_verified": false,
        "line_number": 1
      },
      {
        "type": "Hex High Entropy String",
        "filename": ".mypy_cache/3.12/abc.meta.json",
        "hashed_secret": "660755c958df26d580968a81348bb33048752754",
        "is_verified": false,
        "line_number": 1
      }
    ],
    ".mypy_cache/3.12/builtins.meta.json": [
      {
        "type": "Hex High Entropy String",
        "filename": ".mypy_cache/3.12/builtins.meta.json",
        "hashed_secret": "424a227fb37de9ce370bb48c529fe88037fe045c",
        "is_verified": false,
        "line_number": 1
      },
      {
        "type": "Hex High Entropy String",
        "filename": ".mypy_cache/3.12/builtins.meta.json",
        "hashed_secret": "de53525b1e5569b8686e88463b5e6f8a94db02e4",
        "is_verified": false,
        "line_number": 1
      }
    ],
    ".mypy_cache/3.12/caliper_v2/__init__.meta.json": [
      {
        "type": "Hex High Entropy String",
        "filename": ".mypy_cache/3.12/caliper_v2/__init__.meta.json",
        "hashed_secret": "01c35adeb8c14b93daa2b098e1183d52429dcac1",
        "is_verified": false,
        "line_number": 1
      },
      {
        "type": "Hex High Entropy String",
        "filename": ".mypy_cache/3.12/caliper_v2/__init__.meta.json",
        "hashed_secret": "cd0aa8db7238ebaf8dce7d31dd2b595a6b55cb96",
        "is_verified": false,
        "line_number": 1
      }
    ],
    ".mypy_cache/3.12/caliper_v2/core/__init__.meta.json": [
      {
        "type": "Hex High Entropy String",
        "filename": ".mypy_cache/3.12/caliper_v2/core/__init__.meta.json",
        "hashed_secret": "12a07210871fe70620a376d248ab6038b1d81014",
        "is_verified": false,
        "line_number": 1
      },
      {
        "type": "Hex High Entropy String",
        "filename": ".mypy_cache/3.12/caliper_v2/core/__init__.meta.json",
        "hashed_secret": "244f421f896bdcdd2784dccf4eaf7c8dfd5189b5",
        "is_verified": false,
        "line_number": 1
      }
    ],
    ".mypy_cache/3.12/caliper_v2/core/config.meta.json": [
      {
        "type": "Hex High Entropy String",
        "filename": ".mypy_cache/3.12/caliper_v2/core/config.meta.json",
        "hashed_secret": "4c1560989ff8197ccefb6ca616aa622623801ed9",
        "is_verified": false,
        "line_number": 1
      },
      {
        "type": "Hex High Entropy String",
        "filename": ".mypy_cache/3.12/caliper_v2/core/config.meta.json",
        "hashed_secret": "a7abbf6d45866a210c161e2c928cc0d8e17341a8",
        "is_verified": false,
        "line_number": 1
      }
    ],
    ".mypy_cache/3.12/caliper_v2/core/llm_providers.meta.json": [
      {
        "type": "Hex High Entropy String",
        "filename": ".mypy_cache/3.12/caliper_v2/core/llm_providers.meta.json",
        "hashed_secret": "4c62d0a771b3a6d4c3661e919bf372ec85950fbf",
        "is_verified": false,
        "line_number": 1
      },
      {
        "type": "Hex High Entropy String",
        "filename": ".mypy_cache/3.12/caliper_v2/core/llm_providers.meta.json",
        "hashed_secret": "d5499fe4dd34174cb641abc4f22d872e436624a3",
        "is_verified": false,
        "line_number": 1
      }
    ],
    ".mypy_cache/3.12/caliper_v2/services.meta.json": [
      {
        "type": "Hex High Entropy String",
        "filename": ".mypy_cache/3.12/caliper_v2/services.meta.json",
        "hashed_secret": "3352c949895bad2b564512a7087c2f629dbfaab2",
        "is_verified": false,
        "line_number": 1
      }
    ],
    ".mypy_cache/3.12/caliper_v2/services/persistence.meta.json": [
      {
        "type": "Hex High Entropy String",
        "filename": ".mypy_cache/3.12/caliper_v2/services/persistence.meta.json",
        "hashed_secret": "395519d90222fa0b998d4a4154567492bf93b0a8",
        "is_verified": false,
        "line_number": 1
      },
      {
        "type": "Hex High Entropy String",
        "filename": ".mypy_cache/3.12/caliper_v2/services/persistence.meta.json",
        "hashed_secret": "8cbb58c7c5572c266d5c6d4175c2834daa7aac72",
        "is_verified": false,
        "line_number": 1
      }
    ],
    ".mypy_cache/3.12/chat.meta.json": [
      {
        "type": "Hex High Entropy String",
        "filename": ".mypy_cache/3.12/chat.meta.json",
        "hashed_secret": "22d8c90d1439b0f2dd7fa6504ba98be5d259e133",
        "is_verified": false,
        "line_number": 1
      },
      {
        "type": "Hex High Entropy String",
        "filename": ".mypy_cache/3.12/chat.meta.json",
        "hashed_secret": "244f421f896bdcdd2784dccf4eaf7c8dfd5189b5",
        "is_verified": false,
        "line_number": 1
      }
    ],
    ".mypy_cache/3.12/cli.meta.json": [
      {
        "type": "Hex High Entropy String",
        "filename": ".mypy_cache/3.12/cli.meta.json",
        "hashed_secret": "174734bb04776b3737b3062eaafd344b5214a1f1",
        "is_verified": false,
        "line_number": 1
      },
      {
        "type": "Hex High Entropy String",
        "filename": ".mypy_cache/3.12/cli.meta.json",
        "hashed_secret": "244f421f896bdcdd2784dccf4eaf7c8dfd5189b5",
        "is_verified": false,
        "line_number": 1
      }
    ],
    ".mypy_cache/3.12/codecs.meta.json": [
      {
        "type": "Hex High Entropy String",
        "filename": ".mypy_cache/3.12/codecs.meta.json",
        "hashed_secret": "1a7ab06f925ea7fb627ab2e942e1c01e9a732912",
        "is_verified": false,
        "line_number": 1
      },
      {
        "type": "Hex High Entropy String",
        "filename": ".mypy_cache/3.12/codecs.meta.json",
        "hashed_secret": "b66df054378e47fa4b947e96f8d75589ed1e68f7",
        "is_verified": false,
        "line_number": 1
      }
    ],
    ".mypy_cache/3.12/collections/__init__.meta.json": [
      {
        "type": "Hex High Entropy String",
        "filename": ".mypy_cache/3.12/collections/__init__.meta.json",
        "hashed_secret": "ab1dfe1f2b84e68ef524c4fdb0a88415004fca94",
        "is_verified": false,
        "line_number": 1
      },
      {
        "type": "Hex High Entropy String",
        "filename": ".mypy_cache/3.12/collections/__init__.meta.json",
        "hashed_secret": "f28c06976f520b1fc367468afdd39669b4c2b1df",
        "is_verified": false,
        "line_number": 1
      }
    ],
    ".mypy_cache/3.12/collections/abc.meta.json": [
      {
        "type": "Hex High Entropy String",
        "filename": ".mypy_cache/3.12/collections/abc.meta.json",
        "hashed_secret": "0bd9d569a733c913f8d2cb2d00560387c3ad2eb2",
        "is_verified": false,
        "line_number": 1
      },
      {
        "type": "Hex High Entropy String",
        "filename": ".mypy_cache/3.12/collections/abc.meta.json",
        "hashed_secret": "c2f778dc706c293ce844a379c10e0be65d85da0f",
        "is_verified": false,
        "line_number": 1
      }
    ],
    ".mypy_cache/3.12/contextlib.meta.json": [
      {
        "type": "Hex High Entropy String",
        "filename": ".mypy_cache/3.12/contextlib.meta.json",
        "hashed_secret": "081f83d18aaa6218837af49da9db3ace0d25db91",
        "is_verified": false,
        "line_number": 1
      },
      {
        "type": "Hex High Entropy String",
        "filename": ".mypy_cache/3.12/contextlib.meta.json",
        "hashed_secret": "aea494f47a1fb65f9152e9cfdcc1787189b008ec",
        "is_verified": false,
        "line_number": 1
      }
    ],
    ".mypy_cache/3.12/dataclasses.meta.json": [
      {
        "type": "Hex High Entropy String",
        "filename": ".mypy_cache/3.12/dataclasses.meta.json",
        "hashed_secret": "172a8abe6fc4ba31eaee885cf9ec9b5b5a85fa76",
        "is_verified": false,
        "line_number": 1
      },
      {
        "type": "Hex High Entropy String",
        "filename": ".mypy_cache/3.12/dataclasses.meta.json",
        "hashed_secret": "60e7f458c70485df655279e4503514b8a2ac213f",
        "is_verified": false,
        "line_number": 1
      }
    ],
    ".mypy_cache/3.12/datetime.meta.json": [
      {
        "type": "Hex High Entropy String",
        "filename": ".mypy_cache/3.12/datetime.meta.json",
        "hashed_secret": "72239cdb98ff83b51ca86d221bf44e8c32798ca9",
        "is_verified": false,
        "line_number": 1
      },
      {
        "type": "Hex High Entropy String",
        "filename": ".mypy_cache/3.12/datetime.meta.json",
        "hashed_secret": "c0d52012b1bfe755e49a0e611aacbc64644a5bb5",
        "is_verified": false,
        "line_number": 1
      }
    ],
    ".mypy_cache/3.12/email/__init__.meta.json": [
      {
        "type": "Hex High Entropy String",
        "filename": ".mypy_cache/3.12/email/__init__.meta.json",
        "hashed_secret": "1e144b2015e9947b4f1311eb4f443166772538f1",
        "is_verified": false,
        "line_number": 1
      },
      {
        "type": "Hex High Entropy String",
        "filename": ".mypy_cache/3.12/email/__init__.meta.json",
        "hashed_secret": "57d9a9d98b30a157c31dd2649839813a3da9f992",
        "is_verified": false,
        "line_number": 1
      }
    ],
    ".mypy_cache/3.12/email/charset.meta.json": [
      {
        "type": "Hex High Entropy String",
        "filename": ".mypy_cache/3.12/email/charset.meta.json",
        "hashed_secret": "1e017129bb0c557e745faf089220b552978a5bb2",
        "is_verified": false,
        "line_number": 1
      },
      {
        "type": "Hex High Entropy String",
        "filename": ".mypy_cache/3.12/email/charset.meta.json",
        "hashed_secret": "2875913d05e0af42ec0c107a40c3bed873e318fb",
        "is_verified": false,
        "line_number": 1
      }
    ],
    ".mypy_cache/3.12/email/contentmanager.meta.json": [
      {
        "type": "Hex High Entropy String",
        "filename": ".mypy_cache/3.12/email/contentmanager.meta.json",
        "hashed_secret": "337bb5ce5ad2d6438a445476cba77e55799ecfab",
        "is_verified": false,
        "line_number": 1
      },
      {
        "type": "Hex High Entropy String",
        "filename": ".mypy_cache/3.12/email/contentmanager.meta.json",
        "hashed_secret": "d163e9c7c72131e6989397ae8e22a3533da31e97",
        "is_verified": false,
        "line_number": 1
      }
    ],
    ".mypy_cache/3.12/email/errors.meta.json": [
      {
        "type": "Hex High Entropy String",
        "filename": ".mypy_cache/3.12/email/errors.meta.json",
        "hashed_secret": "547a40293814d1ff01e32c4bec41e2135e2c619e",
        "is_verified": false,
        "line_number": 1
      },
      {
        "type": "Hex High Entropy String",
        "filename": ".mypy_cache/3.12/email/errors.meta.json",
        "hashed_secret": "8883a750821dd756462dd5f934dc3eb5fcea0e96",
        "is_verified": false,
        "line_number": 1
      }
    ],
    ".mypy_cache/3.12/email/header.meta.json": [
      {
        "type": "Hex High Entropy String",
        "filename": ".mypy_cache/3.12/email/header.meta.json",
        "hashed_secret": "589a474a05c34b440e06fac268b789e3e03a7187",
        "is_verified": false,
        "line_number": 1
      },
      {
        "type": "Hex High Entropy String",
        "filename": ".mypy_cache/3.12/email/header.meta.json",
        "hashed_secret": "864931ec774d477cd2d99e8acdb7a3a283c266ea",
        "is_verified": false,
        "line_number": 1
      }
    ],
    ".mypy_cache/3.12/email/message.meta.json": [
      {
        "type": "Hex High Entropy String",
        "filename": ".mypy_cache/3.12/email/message.meta.json",
        "hashed_secret": "b58a3918d02671a830e4601a05d9ed91dc0c3c97",
        "is_verified": false,
        "line_number": 1
      },
      {
        "type": "Hex High Entropy String",
        "filename": ".mypy_cache/3.12/email/message.meta.json",
        "hashed_secret": "d1d4cc7032524bfdd00ad3ff02f4665f8ba88112",
        "is_verified": false,
        "line_number": 1
      }
    ],
    ".mypy_cache/3.12/email/policy.meta.json": [
      {
        "type": "Hex High Entropy String",
        "filename": ".mypy_cache/3.12/email/policy.meta.json",
        "hashed_secret": "0b5495277980a8bc4c3863b6d9d75cca43838a42",
        "is_verified": false,
        "line_number": 1
      },
      {
        "type": "Hex High Entropy String",
        "filename": ".mypy_cache/3.12/email/policy.meta.json",
        "hashed_secret": "b7b6d2104497e0cb91e623625018a595c50673b8",
        "is_verified": false,
        "line_number": 1
      }
    ],
    ".mypy_cache/3.12/enum.meta.json": [
      {
        "type": "Hex High Entropy String",
        "filename": ".mypy_cache/3.12/enum.meta.json",
        "hashed_secret": "9b8782204853737b93a098838b7a81301193a889",
        "is_verified": false,
        "line_number": 1
      },
      {
        "type": "Hex High Entropy String",
        "filename": ".mypy_cache/3.12/enum.meta.json",
        "hashed_secret": "be6decc269fb3882b57eb4b626c95ef826e2bcdc",
        "is_verified": false,
        "line_number": 1
      }
    ],
    ".mypy_cache/3.12/genericpath.meta.json": [
      {
        "type": "Hex High Entropy String",
        "filename": ".mypy_cache/3.12/genericpath.meta.json",
        "hashed_secret": "9c0384dc6373239938dd3d7b8a37603d1607c2d8",
        "is_verified": false,
        "line_number": 1
      },
      {
        "type": "Hex High Entropy String",
        "filename": ".mypy_cache/3.12/genericpath.meta.json",
        "hashed_secret": "d00b4ff95e47b520c2858889d9a0ff60469a5092",
        "is_verified": false,
        "line_number": 1
      }
    ],
    ".mypy_cache/3.12/hashlib.meta.json": [
      {
        "type": "Hex High Entropy String",
        "filename": ".mypy_cache/3.12/hashlib.meta.json",
        "hashed_secret": "a5de65604639ad249d00055de79e9f91ecdecdb0",
        "is_verified": false,
        "line_number": 1
      },
      {
        "type": "Hex High Entropy String",
        "filename": ".mypy_cache/3.12/hashlib.meta.json",
        "hashed_secret": "c15aacba998f6af94e501da4da13a5d3950069d7",
        "is_verified": false,
        "line_number": 1
      }
    ],
    ".mypy_cache/3.12/importlib/__init__.meta.json": [
      {
        "type": "Hex High Entropy String",
        "filename": ".mypy_cache/3.12/importlib/__init__.meta.json",
        "hashed_secret": "830b90c7fae44573d88b5c88840ce0b896df452d",
        "is_verified": false,
        "line_number": 1
      },
      {
        "type": "Hex High Entropy String",
        "filename": ".mypy_cache/3.12/importlib/__init__.meta.json",
        "hashed_secret": "cec20dc0d687260792352763f3817fde52cebf27",
        "is_verified": false,
        "line_number": 1
      }
    ],
    ".mypy_cache/3.12/importlib/abc.meta.json": [
      {
        "type": "Hex High Entropy String",
        "filename": ".mypy_cache/3.12/importlib/abc.meta.json",
        "hashed_secret": "1ee8028eea9912fe7beec0f580926e4798ce275f",
        "is_verified": false,
        "line_number": 1
      },
      {
        "type": "Hex High Entropy String",
        "filename": ".mypy_cache/3.12/importlib/abc.meta.json",
        "hashed_secret": "cd950fea9848ca09b47ef11d345089b67502423b",
        "is_verified": false,
        "line_number": 1
      }
    ],
    ".mypy_cache/3.12/importlib/machinery.meta.json": [
      {
        "type": "Hex High Entropy String",
        "filename": ".mypy_cache/3.12/importlib/machinery.meta.json",
        "hashed_secret": "06d4498225bac9a075d1c088f522ecb337080286",
        "is_verified": false,
        "line_number": 1
      },
      {
        "type": "Hex High Entropy String",
        "filename": ".mypy_cache/3.12/importlib/machinery.meta.json",
        "hashed_secret": "ba0cbb0c24056b4dccdee60a12cc675b06ba31f7",
        "is_verified": false,
        "line_number": 1
      }
    ],
    ".mypy_cache/3.12/importlib/metadata/__init__.meta.json": [
      {
        "type": "Hex High Entropy String",
        "filename": ".mypy_cache/3.12/importlib/metadata/__init__.meta.json",
        "hashed_secret": "843c4a8210eb9434dddacc7040182684a5f675ca",
        "is_verified": false,
        "line_number": 1
      },
      {
        "type": "Hex High Entropy String",
        "filename": ".mypy_cache/3.12/importlib/metadata/__init__.meta.json",
        "hashed_secret": "8cdada6509f569ed8f2ad3c90ff24c7953e91e55",
        "is_verified": false,
        "line_number": 1
      }
    ],
    ".mypy_cache/3.12/importlib/metadata/_meta.meta.json": [
      {
        "type": "Hex High Entropy String",
        "filename": ".mypy_cache/3.12/importlib/metadata/_meta.meta.json",
        "hashed_secret": "53829aaaa8b8d5958ad37cc2c1aaa0612735dcbd",
        "is_verified": false,
        "line_number": 1
      },
      {
        "type": "Hex High Entropy String",
        "filename": ".mypy_cache/3.12/importlib/metadata/_meta.meta.json",
        "hashed_secret": "a4d9b078f282f9416c055d6459772a0bf0f81e6e",
        "is_verified": false,
        "line_number": 1
      }
    ],
    ".mypy_cache/3.12/importlib/readers.meta.json": [
      {
        "type": "Hex High Entropy String",
        "filename": ".mypy_cache/3.12/importlib/readers.meta.json",
        "hashed_secret": "4ca9600115b31f2f5166110e287d483a62df5030",
        "is_verified": false,
        "line_number": 1
      },
      {
        "type": "Hex High Entropy String",
        "filename": ".mypy_cache/3.12/importlib/readers.meta.json",
        "hashed_secret": "b532b841b78e2b30a7be2bbfa08c4cb89c344d1c",
        "is_verified": false,
        "line_number": 1
      }
    ],
    ".mypy_cache/3.12/importlib/resources/__init__.meta.json": [
      {
        "type": "Hex High Entropy String",
        "filename": ".mypy_cache/3.12/importlib/resources/__init__.meta.json",
        "hashed_secret": "5a046084d48240097cfddd6311832a185efd8c24",
        "is_verified": false,
        "line_number": 1
      },
      {
        "type": "Hex High Entropy String",
        "filename": ".mypy_cache/3.12/importlib/resources/__init__.meta.json",
        "hashed_secret": "8b8bc60291f8e1e7e1bf69b35915f73b85f84d32",
        "is_verified": false,
        "line_number": 1
      }
    ],
    ".mypy_cache/3.12/importlib/resources/abc.meta.json": [
      {
        "type": "Hex High Entropy String",
        "filename": ".mypy_cache/3.12/importlib/resources/abc.meta.json",
        "hashed_secret": "7ce5c35673d9fee1c28f092c0f18affd106b5c6c",
        "is_verified": false,
        "line_number": 1
      },
      {
        "type": "Hex High Entropy String",
        "filename": ".mypy_cache/3.12/importlib/resources/abc.meta.json",
        "hashed_secret": "e189492c4b28ee81f65cf25f20eae84648957652",
        "is_verified": false,
        "line_number": 1
      }
    ],
    ".mypy_cache/3.12/io.meta.json": [
      {
        "type": "Hex High Entropy String",
        "filename": ".mypy_cache/3.12/io.meta.json",
        "hashed_secret": "6c7c69207164c55f78129992ae6ad7a6b22a9362",
        "is_verified": false,
        "line_number": 1
      },
      {
        "type": "Hex High Entropy String",
        "filename": ".mypy_cache/3.12/io.meta.json",
        "hashed_secret": "c5c3b8fc4b70dcc57670efda82e4d893e50c78b5",
        "is_verified": false,
        "line_number": 1
      }
    ],
    ".mypy_cache/3.12/json/__init__.meta.json": [
      {
        "type": "Hex High Entropy String",
        "filename": ".mypy_cache/3.12/json/__init__.meta.json",
        "hashed_secret": "72222be59f504e4c9901a363b6c3a001d8c073d5",
        "is_verified": false,
        "line_number": 1
      },
      {
        "type": "Hex High Entropy String",
        "filename": ".mypy_cache/3.12/json/__init__.meta.json",
        "hashed_secret": "dbd4b35a34c06d43c62b9a54cefdf7bd7574092c",
        "is_verified": false,
        "line_number": 1
      }
    ],
    ".mypy_cache/3.12/json/decoder.meta.json": [
      {
        "type": "Hex High Entropy String",
        "filename": ".mypy_cache/3.12/json/decoder.meta.json",
        "hashed_secret": "4e749f54566f296482eb0d0859e038ff0c08e639",
        "is_verified": false,
        "line_number": 1
      },
      {
        "type": "Hex High Entropy String",
        "filename": ".mypy_cache/3.12/json/decoder.meta.json",
        "hashed_secret": "e0e6b22fc8bb030a6efeaaec19b074fe50be55fa",
        "is_verified": false,
        "line_number": 1
      }
    ],
    ".mypy_cache/3.12/json/encoder.meta.json": [
      {
        "type": "Hex High Entropy String",
        "filename": ".mypy_cache/3.12/json/encoder.meta.json",
        "hashed_secret": "57b676407b62f671db98cf095956312306913150",
        "is_verified": false,
        "line_number": 1
      },
      {
        "type": "Hex High Entropy String",
        "filename": ".mypy_cache/3.12/json/encoder.meta.json",
        "hashed_secret": "7ce2b366d749daf116eb5cea06ff0d82f1100d41",
        "is_verified": false,
        "line_number": 1
      }
    ],
    ".mypy_cache/3.12/llm_service.meta.json": [
      {
        "type": "Hex High Entropy String",
        "filename": ".mypy_cache/3.12/llm_service.meta.json",
        "hashed_secret": "244f421f896bdcdd2784dccf4eaf7c8dfd5189b5",
        "is_verified": false,
        "line_number": 1
      },
      {
        "type": "Hex High Entropy String",
        "filename": ".mypy_cache/3.12/llm_service.meta.json",
        "hashed_secret": "e978c855023cacd110044226c125de992a6489fa",
        "is_verified": false,
        "line_number": 1
      }
    ],
    ".mypy_cache/3.12/os/__init__.meta.json": [
      {
        "type": "Hex High Entropy String",
        "filename": ".mypy_cache/3.12/os/__init__.meta.json",
        "hashed_secret": "a1a049d54945a1ba7a16360b82ffd8d039265296",
        "is_verified": false,
        "line_number": 1
      },
      {
        "type": "Hex High Entropy String",
        "filename": ".mypy_cache/3.12/os/__init__.meta.json",
        "hashed_secret": "fb4177b3033a6c573fa76a0ab1425d67181ded2c",
        "is_verified": false,
        "line_number": 1
      }
    ],
    ".mypy_cache/3.12/os/path.meta.json": [
      {
        "type": "Hex High Entropy String",
        "filename": ".mypy_cache/3.12/os/path.meta.json",
        "hashed_secret": "2eafa0077d05a1dac4da73bbd5cccea0560fa21c",
        "is_verified": false,
        "line_number": 1
      },
      {
        "type": "Hex High Entropy String",
        "filename": ".mypy_cache/3.12/os/path.meta.json",
        "hashed_secret": "f01758c15898cbd9f08e47843eb9e45bf6df0854",
        "is_verified": false,
        "line_number": 1
      }
    ],
    ".mypy_cache/3.12/pathlib.meta.json": [
      {
        "type": "Hex High Entropy String",
        "filename": ".mypy_cache/3.12/pathlib.meta.json",
        "hashed_secret": "373ba5d0337512b431d960999f9009b808418944",
        "is_verified": false,
        "line_number": 1
      },
      {
        "type": "Hex High Entropy String",
        "filename": ".mypy_cache/3.12/pathlib.meta.json",
        "hashed_secret": "e226fdcc17997b954ebd797549655c02e83099c7",
        "is_verified": false,
        "line_number": 1
      }
    ],
    ".mypy_cache/3.12/pickle.meta.json": [
      {
        "type": "Hex High Entropy String",
        "filename": ".mypy_cache/3.12/pickle.meta.json",
        "hashed_secret": "05fd8329e9891ed5616ef001f3f16a59ab6f74ac",
        "is_verified": false,
        "line_number": 1
      },
      {
        "type": "Hex High Entropy String",
        "filename": ".mypy_cache/3.12/pickle.meta.json",
        "hashed_secret": "e9d0ec4768e27011a31d68da8f9e9e3b38b6a02c",
        "is_verified": false,
        "line_number": 1
      }
    ],
    ".mypy_cache/3.12/posixpath.meta.json": [
      {
        "type": "Hex High Entropy String",
        "filename": ".mypy_cache/3.12/posixpath.meta.json",
        "hashed_secret": "97a79506212a160e3a7e939ea3af48585ef5496e",
        "is_verified": false,
        "line_number": 1
      },
      {
        "type": "Hex High Entropy String",
        "filename": ".mypy_cache/3.12/posixpath.meta.json",
        "hashed_secret": "f73678e9f6418cbeabf912301bd083bc8aa019c5",
        "is_verified": false,
        "line_number": 1
      }
    ],
    ".mypy_cache/3.12/rag_service.meta.json": [
      {
        "type": "Hex High Entropy String",
        "filename": ".mypy_cache/3.12/rag_service.meta.json",
        "hashed_secret": "244f421f896bdcdd2784dccf4eaf7c8dfd5189b5",
        "is_verified": false,
        "line_number": 1
      },
      {
        "type": "Hex High Entropy String",
        "filename": ".mypy_cache/3.12/rag_service.meta.json",
        "hashed_secret": "4437d64559f16c9701257a148f6794afde1550d2",
        "is_verified": false,
        "line_number": 1
      }
    ],
    ".mypy_cache/3.12/re.meta.json": [
      {
        "type": "Hex High Entropy String",
        "filename": ".mypy_cache/3.12/re.meta.json",
        "hashed_secret": "9ff3be07507e67120566aa64f12d6d3dd7968af7",
        "is_verified": false,
        "line_number": 1
      },
      {
        "type": "Hex High Entropy String",
        "filename": ".mypy_cache/3.12/re.meta.json",
        "hashed_secret": "e918da984a5d96d396a6c225a109e31d87b62c50",
        "is_verified": false,
        "line_number": 1
      }
    ],
    ".mypy_cache/3.12/sqlite3/__init__.meta.json": [
      {
        "type": "Hex High Entropy String",
        "filename": ".mypy_cache/3.12/sqlite3/__init__.meta.json",
        "hashed_secret": "7481a667c4832cd1981f8f5ba48650563aa44c87",
        "is_verified": false,
        "line_number": 1
      },
      {
        "type": "Hex High Entropy String",
        "filename": ".mypy_cache/3.12/sqlite3/__init__.meta.json",
        "hashed_secret": "d911bd59f78d37cdff5419acba0d1f6b079bae09",
        "is_verified": false,
        "line_number": 1
      }
    ],
    ".mypy_cache/3.12/sqlite3/dbapi2.meta.json": [
      {
        "type": "Hex High Entropy String",
        "filename": ".mypy_cache/3.12/sqlite3/dbapi2.meta.json",
        "hashed_secret": "8568a14d1e496288db4414d9cb84424bf979c452",
        "is_verified": false,
        "line_number": 1
      },
      {
        "type": "Hex High Entropy String",
        "filename": ".mypy_cache/3.12/sqlite3/dbapi2.meta.json",
        "hashed_secret": "d701990ebd807b29a6394ef22a11bf70acc41d9a",
        "is_verified": false,
        "line_number": 1
      }
    ],
    ".mypy_cache/3.12/sre_compile.meta.json": [
      {
        "type": "Hex High Entropy String",
        "filename": ".mypy_cache/3.12/sre_compile.meta.json",
        "hashed_secret": "90c92106f62674c04ca4306a8c587013e0a02932",
        "is_verified": false,
        "line_number": 1
      },
      {
        "type": "Hex High Entropy String",
        "filename": ".mypy_cache/3.12/sre_compile.meta.json",
        "hashed_secret": "f7f42dd3dea02507c1aaa1e63a9958c5d688391e",
        "is_verified": false,
        "line_number": 1
      }
    ],
    ".mypy_cache/3.12/sre_constants.meta.json": [
      {
        "type": "Hex High Entropy String",
        "filename": ".mypy_cache/3.12/sre_constants.meta.json",
        "hashed_secret": "054711064ac7e56f698ef708baf3e87b3cb3acb2",
        "is_verified": false,
        "line_number": 1
      },
      {
        "type": "Hex High Entropy String",
        "filename": ".mypy_cache/3.12/sre_constants.meta.json",
        "hashed_secret": "8ffd65a4194b0f99accd26827dc6372441b500e3",
        "is_verified": false,
        "line_number": 1
      }
    ],
    ".mypy_cache/3.12/sre_parse.meta.json": [
      {
        "type": "Hex High Entropy String",
        "filename": ".mypy_cache/3.12/sre_parse.meta.json",
        "hashed_secret": "33a156b9f45747cb816645aae1f542d8e243c327",
        "is_verified": false,
        "line_number": 1
      },
      {
        "type": "Hex High Entropy String",
        "filename": ".mypy_cache/3.12/sre_parse.meta.json",
        "hashed_secret": "8988aac818eb5bada5653d349104541c2db3f7ad",
        "is_verified": false,
        "line_number": 1
      }
    ],
    ".mypy_cache/3.12/subprocess.meta.json": [
      {
        "type": "Hex High Entropy String",
        "filename": ".mypy_cache/3.12/subprocess.meta.json",
        "hashed_secret": "80f1054df4b539e7a0658d4c07500871c2daa262",
        "is_verified": false,
        "line_number": 1
      },
      {
        "type": "Hex High Entropy String",
        "filename": ".mypy_cache/3.12/subprocess.meta.json",
        "hashed_secret": "ffc937046a259f14148e138dda3dc616e4f42077",
        "is_verified": false,
        "line_number": 1
      }
    ],
    ".mypy_cache/3.12/sys/__init__.meta.json": [
      {
        "type": "Hex High Entropy String",
        "filename": ".mypy_cache/3.12/sys/__init__.meta.json",
        "hashed_secret": "08c75f360697da7ccb31c566331102c486a99805",
        "is_verified": false,
        "line_number": 1
      },
      {
        "type": "Hex High Entropy String",
        "filename": ".mypy_cache/3.12/sys/__init__.meta.json",
        "hashed_secret": "45c98d840e1437acfb1547f778adb2872a649a00",
        "is_verified": false,
        "line_number": 1
      }
    ],
    ".mypy_cache/3.12/sys/_monitoring.meta.json": [
      {
        "type": "Hex High Entropy String",
        "filename": ".mypy_cache/3.12/sys/_monitoring.meta.json",
        "hashed_secret": "1af3b5ccc02ea1db4cbb0625a2f4e67bef6801ad",
        "is_verified": false,
        "line_number": 1
      },
      {
        "type": "Hex High Entropy String",
        "filename": ".mypy_cache/3.12/sys/_monitoring.meta.json",
        "hashed_secret": "b29601ffcbc79c589820e92b2f97e120001e2000",
        "is_verified": false,
        "line_number": 1
      }
    ],
    ".mypy_cache/3.12/template.meta.json": [
      {
        "type": "Hex High Entropy String",
        "filename": ".mypy_cache/3.12/template.meta.json",
        "hashed_secret": "244f421f896bdcdd2784dccf4eaf7c8dfd5189b5",
        "is_verified": false,
        "line_number": 1
      },
      {
        "type": "Hex High Entropy String",
        "filename": ".mypy_cache/3.12/template.meta.json",
        "hashed_secret": "9028b4d46606f059a353959876f403f2e434bd82",
        "is_verified": false,
        "line_number": 1
      }
    ],
    ".mypy_cache/3.12/time.meta.json": [
      {
        "type": "Hex High Entropy String",
        "filename": ".mypy_cache/3.12/time.meta.json",
        "hashed_secret": "91413e083f4cc121a40e844f463c0cd5b9c8f2cf",
        "is_verified": false,
        "line_number": 1
      },
      {
        "type": "Hex High Entropy String",
        "filename": ".mypy_cache/3.12/time.meta.json",
        "hashed_secret": "e7891b750b19e4ad6471b725270ddb9c43876b0f",
        "is_verified": false,
        "line_number": 1
      }
    ],
    ".mypy_cache/3.12/types.meta.json": [
      {
        "type": "Hex High Entropy String",
        "filename": ".mypy_cache/3.12/types.meta.json",
        "hashed_secret": "27bc5a99131b0134bd252607deeffc3bfcbf1e77",
        "is_verified": false,
        "line_number": 1
      },
      {
        "type": "Hex High Entropy String",
        "filename": ".mypy_cache/3.12/types.meta.json",
        "hashed_secret": "dc1be47f54bb23259166c9595733a5c8b03f729c",
        "is_verified": false,
        "line_number": 1
      }
    ],
    ".mypy_cache/3.12/typing.meta.json": [
      {
        "type": "Hex High Entropy String",
        "filename": ".mypy_cache/3.12/typing.meta.json",
        "hashed_secret": "12ab007766b09ec63036ab80d687306c17e3a8c1",
        "is_verified": false,
        "line_number": 1
      },
      {
        "type": "Hex High Entropy String",
        "filename": ".mypy_cache/3.12/typing.meta.json",
        "hashed_secret": "5f1d7ee9ae4e2680c70cea543f6867030b2272c0",
        "is_verified": false,
        "line_number": 1
      }
    ],
    ".mypy_cache/3.12/typing_extensions.meta.json": [
      {
        "type": "Hex High Entropy String",
        "filename": ".mypy_cache/3.12/typing_extensions.meta.json",
        "hashed_secret": "91008cfae16342e27980a970ccb6b97b56134be2",
        "is_verified": false,
        "line_number": 1
      },
      {
        "type": "Hex High Entropy String",
        "filename": ".mypy_cache/3.12/typing_extensions.meta.json",
        "hashed_secret": "cff3de85daf8a67f0892adb047e80733cb7d50a0",
        "is_verified": false,
        "line_number": 1
      }
    ],
    ".mypy_cache/3.12/zipfile.meta.json": [
      {
        "type": "Hex High Entropy String",
        "filename": ".mypy_cache/3.12/zipfile.meta.json",
        "hashed_secret": "56da9c25bedc405c898eecb728e93c7540cdcf00",
        "is_verified": false,
        "line_number": 1
      },
      {
        "type": "Hex High Entropy String",
        "filename": ".mypy_cache/3.12/zipfile.meta.json",
        "hashed_secret": "86dd9ad48e4a23cc76feb795fe7325894428b0a8",
        "is_verified": false,
        "line_number": 1
      }
    ],
    ".mypy_cache/CACHEDIR.TAG": [
      {
        "type": "Hex High Entropy String",
        "filename": ".mypy_cache/CACHEDIR.TAG",
        "hashed_secret": "e8f8c345877b2411a59897798e422b15b0c16d76",
        "is_verified": false,
        "line_number": 1
      }
    ],
    ".obsidian/workspace.json": [
      {
        "type": "Hex High Entropy String",
        "filename": ".obsidian/workspace.json",
        "hashed_secret": "bee8ab1f8fe878a32657cf56ad74b593b47ec89f",
        "is_verified": false,
        "line_number": 3
      },
      {
        "type": "Hex High Entropy String",
        "filename": ".obsidian/workspace.json",
        "hashed_secret": "747689327bcbc18a351d2aa9f2b0c3d0232de702",
        "is_verified": false,
        "line_number": 7
      },
      {
        "type": "Hex High Entropy String",
        "filename": ".obsidian/workspace.json",
        "hashed_secret": "a0b759b6273fee01663ea34be4840c23042e4a0c",
        "is_verified": false,
        "line_number": 11
      },
      {
        "type": "Hex High Entropy String",
        "filename": ".obsidian/workspace.json",
        "hashed_secret": "7ad64d7d049a8e0ccdeca5e3962a8bd109dba8bc",
        "is_verified": false,
        "line_number": 26
      },
      {
        "type": "Hex High Entropy String",
        "filename": ".obsidian/workspace.json",
        "hashed_secret": "6ed20317878e088ca4d8d3bb06148320b9ba3b87",
        "is_verified": false,
        "line_number": 30
      },
      {
        "type": "Hex High Entropy String",
        "filename": ".obsidian/workspace.json",
        "hashed_secret": "132dd00bbc4b5b1ce28a02577dc7b101d3b86933",
        "is_verified": false,
        "line_number": 64
      },
      {
        "type": "Hex High Entropy String",
        "filename": ".obsidian/workspace.json",
        "hashed_secret": "6f58fea720d0590feee396b2dddff5124b5dffda",
        "is_verified": false,
        "line_number": 80
      },
      {
        "type": "Hex High Entropy String",
        "filename": ".obsidian/workspace.json",
        "hashed_secret": "f05ec0d7ff848b174410999121b9ee20c3f8baf9",
        "is_verified": false,
        "line_number": 84
      },
      {
        "type": "Hex High Entropy String",
        "filename": ".obsidian/workspace.json",
        "hashed_secret": "a909e79550a14b4a65e9ababab4c1748ea645700",
        "is_verified": false,
        "line_number": 88
      },
      {
        "type": "Hex High Entropy String",
        "filename": ".obsidian/workspace.json",
        "hashed_secret": "235e6c1a2c99688ec8938033e5c9f11d9fcd1f34",
        "is_verified": false,
        "line_number": 119
      },
      {
        "type": "Hex High Entropy String",
        "filename": ".obsidian/workspace.json",
        "hashed_secret": "ac6596df46b5d10f5425cd114670452d05edd7c7",
        "is_verified": false,
        "line_number": 134
      }
    ],
    ".pytest_cache/CACHEDIR.TAG": [
      {
        "type": "Hex High Entropy String",
        "filename": ".pytest_cache/CACHEDIR.TAG",
        "hashed_secret": "e8f8c345877b2411a59897798e422b15b0c16d76",
        "is_verified": false,
        "line_number": 1
      }
    ],
    ".ruff_cache/CACHEDIR.TAG": [
      {
        "type": "Hex High Entropy String",
        "filename": ".ruff_cache/CACHEDIR.TAG",
        "hashed_secret": "e8f8c345877b2411a59897798e422b15b0c16d76",
        "is_verified": false,
        "line_number": 1
      }
    ],
    "docs/.obsidian/workspace.json": [
      {
        "type": "Hex High Entropy String",
        "filename": "docs/.obsidian/workspace.json",
        "hashed_secret": "0398ffcf74276aa476f67465adec1f1f60042500",
        "is_verified": false,
        "line_number": 3
      },
      {
        "type": "Hex High Entropy String",
        "filename": "docs/.obsidian/workspace.json",
        "hashed_secret": "ff2fa9160cb64e5c7498a3aca770131796158d89",
        "is_verified": false,
        "line_number": 7
      },
      {
        "type": "Hex High Entropy String",
        "filename": "docs/.obsidian/workspace.json",
        "hashed_secret": "d973565e15ee40f083153b0af5180991b5622cd8",
        "is_verified": false,
        "line_number": 11
      },
      {
        "type": "Hex High Entropy String",
        "filename": "docs/.obsidian/workspace.json",
        "hashed_secret": "398d01730d3f7c670c06611b514f13b4321876ae",
        "is_verified": false,
        "line_number": 30
      },
      {
        "type": "Hex High Entropy String",
        "filename": "docs/.obsidian/workspace.json",
        "hashed_secret": "41fcb2173ecbd4a0da5877e92e56d4998feaba72",
        "is_verified": false,
        "line_number": 38
      },
      {
        "type": "Hex High Entropy String",
        "filename": "docs/.obsidian/workspace.json",
        "hashed_secret": "79db7416f1c5e17cb81a3cb5b5adf6c2baa113e8",
        "is_verified": false,
        "line_number": 51
      },
      {
        "type": "Hex High Entropy String",
        "filename": "docs/.obsidian/workspace.json",
        "hashed_secret": "7ecfc7ab3b931588bee6b9edf49d1bec592b10b8",
        "is_verified": false,
        "line_number": 68
      },
      {
        "type": "Hex High Entropy String",
        "filename": "docs/.obsidian/workspace.json",
        "hashed_secret": "41cd794f4a7460d57fff084c9d965825c90ca264",
        "is_verified": false,
        "line_number": 84
      },
      {
        "type": "Hex High Entropy String",
        "filename": "docs/.obsidian/workspace.json",
        "hashed_secret": "e8b951fe5a7e69c28764b8685185b356d6485ad8",
        "is_verified": false,
        "line_number": 88
      },
      {
        "type": "Hex High Entropy String",
        "filename": "docs/.obsidian/workspace.json",
        "hashed_secret": "88c7e1cafac7e38220dc3540caf4bad11d55a58f",
        "is_verified": false,
        "line_number": 110
      },
      {
        "type": "Hex High Entropy String",
        "filename": "docs/.obsidian/workspace.json",
        "hashed_secret": "e4b59357aa9186b706639022e2313296493069d8",
        "is_verified": false,
        "line_number": 123
      },
      {
        "type": "Hex High Entropy String",
        "filename": "docs/.obsidian/workspace.json",
        "hashed_secret": "82dffe44e920fa9dfd1aa8c2f151592e24bbb876",
        "is_verified": false,
        "line_number": 138
      }
    ],
    "google-credentials.json": [
      {
        "type": "Private Key",
        "filename": "google-credentials.json",
        "hashed_secret": "1348b145fa1a555461c1b790a2f66614781091e9",
        "is_verified": false,
        "line_number": 5
      }
    ],
    "scripts/bootstrap_ide_rules.py": [
      {
        "type": "Secret Keyword",
        "filename": "scripts/bootstrap_ide_rules.py",
        "hashed_secret": "ec3810e10fb78db55ce38b9c18d1c3eb1db739e0",
        "is_verified": false,
        "line_number": 176
      }
    ]
  },
  "generated_at": "2025-08-10T08:26:28Z"
}
